// Jest Snapshot v1, https://goo.gl/fbAQLP

exports[`Sidebar test suite should render correctly 1`] = `
<div>
  <aside
    class="Sidebar"
    data-testid="sidebar"
  >
    <button
      class="Button Ghost S CollapseButton"
      data-testid="sidebar_toggle"
      type="button"
    >
      &lt;
    </button>
    <div
      class="Flex JustifyStart AlignStart DirectionColumn Gap16 Items"
      role="navigation"
    >
      <a
        class="AppLink Inverted"
        href="/"
      >
        <div
          class="Item"
        >
          <div />
          home-link
        </div>
      </a>
      <a
        class="AppLink Inverted"
        href="/about"
      >
        <div
          class="Item"
        >
          <div />
          about-link
        </div>
      </a>
    </div>
    <div
      class="Switchers"
    >
      <button
        class="Button GhostInverted S ThemeSwitcher"
        type="button"
      >
        <div
          class="IconContainer"
        >
          <div />
        </div>
      </button>
      <button
        class="Button GhostInverted S"
        type="button"
      >
        language
      </button>
    </div>
  </aside>
</div>
`;
